// Vitest Snapshot v1, https://vitest.dev/guide/snapshot.html

exports[`Guest Component > matches the snapshot 1`] = `
<DocumentFragment>
  <div
    class="guest"
  />
</DocumentFragment>
`;
